// Vitest Snapshot v1, https://vitest.dev/guide/snapshot.html

exports[`FlipCard > matches snapshot 1`] = `
<DocumentFragment>
  <div
    style="perspective: 1200px; display: inline-block;"
  >
    <div
      aria-pressed="false"
      class="wbui-flip-card"
      data-flipped="false"
      role="button"
      style="position: relative; display: grid; cursor: pointer; transform-style: preserve-3d; transform: none;"
      tabindex="0"
    >
      <div
        aria-hidden="false"
        class="wbui-flip-card__face wbui-flip-card__face--front"
        style="grid-area: 1 / 1; backface-visibility: hidden;"
      >
        <div>
          Front Snapshot
        </div>
      </div>
      <div
        aria-hidden="true"
        class="wbui-flip-card__face wbui-flip-card__face--back"
        style="grid-area: 1 / 1; backface-visibility: hidden; transform: rotateY(180deg);"
      >
        <div>
          Back Snapshot
        </div>
      </div>
    </div>
  </div>
</DocumentFragment>
`;
