// Vitest Snapshot v1, https://vitest.dev/guide/snapshot.html

exports[`ProactivitySwitch > matches snapshot 1`] = `
<DocumentFragment>
  <div
    aria-label="Proactivity mode"
    class="inline-flex items-center rounded-full border border-border bg-muted/50 p-1 gap-1 transition"
    role="group"
  >
    <button
      aria-label="Reactive"
      aria-pressed="true"
      class="relative flex-1 rounded-full font-medium transition focus-visible:outline-none focus-visible:ring-2 focus-visible:ring-ring focus-visible:ring-offset-2 focus-visible:ring-offset-background overflow-hidden text-center disabled:pointer-events-none px-3 py-1.5 text-sm text-primary-foreground"
      data-selected="true"
      tabindex="0"
      type="button"
    >
      <span
        aria-hidden="true"
        class="absolute inset-0 z-0 rounded-full bg-primary shadow"
      />
      <span
        class="relative z-10 text-sm"
      >
        Reactive
      </span>
    </button>
    <button
      aria-label="Proactive"
      aria-pressed="false"
      class="relative flex-1 rounded-full font-medium transition focus-visible:outline-none focus-visible:ring-2 focus-visible:ring-ring focus-visible:ring-offset-2 focus-visible:ring-offset-background overflow-hidden text-center disabled:pointer-events-none px-3 py-1.5 text-sm text-muted-foreground"
      tabindex="-1"
      type="button"
    >
      <span
        class="relative z-10 text-sm"
      >
        Proactive
      </span>
    </button>
  </div>
</DocumentFragment>
`;
